\BOOKMARK [0][-]{chapter*.1}{\376\377\144\130\211\201}{}% 1
\BOOKMARK [0][-]{chapter.1}{\376\377\137\025\212\000}{}% 2
\BOOKMARK [1][-]{section.1.1}{\376\377\170\024\172\166\200\314\146\157\116\016\141\017\116\111}{chapter.1}% 3
\BOOKMARK [1][-]{section.1.2}{\376\377\126\375\121\205\131\026\170\024\172\166\163\260\162\266}{chapter.1}% 4
\BOOKMARK [2][-]{subsection.1.2.1}{\376\377\150\300\175\042\130\236\137\072\165\037\142\020\170\024\172\166\163\260\162\266}{section.1.2}% 5
\BOOKMARK [2][-]{subsection.1.2.2}{\376\377\116\343\164\006\137\017\135\345\117\134\155\101\170\024\172\166\163\260\162\266}{section.1.2}% 6
\BOOKMARK [2][-]{subsection.1.2.3}{\376\377\232\330\150\041\127\202\166\364\225\356\173\124\174\373\176\337\170\024\172\166\163\260\162\266}{section.1.2}% 7
\BOOKMARK [1][-]{section.1.3}{\376\377\170\024\172\166\121\205\133\271\116\016\166\356\150\007}{chapter.1}% 8
\BOOKMARK [1][-]{section.1.4}{\376\377\213\272\145\207\176\323\147\204}{chapter.1}% 9
\BOOKMARK [0][-]{chapter.2}{\376\377\166\370\121\163\142\200\147\057\116\016\227\000\154\102\122\006\147\220}{}% 10
\BOOKMARK [1][-]{section.2.1}{\376\377\000R\000A\000G\000\040\142\200\147\057\127\372\170\100}{chapter.2}% 11
\BOOKMARK [1][-]{section.2.2}{\376\377\135\345\117\134\155\101\116\016\116\343\164\006\177\026\143\222\142\200\147\057}{chapter.2}% 12
\BOOKMARK [1][-]{section.2.3}{\376\377\155\367\124\010\150\300\175\042\116\016\176\323\147\204\123\026\147\345\213\342\142\200\147\057}{chapter.2}% 13
\BOOKMARK [2][-]{subsection.2.3.1}{\376\377\000B\000M\0002\0005\000\040\116\016\124\021\221\317\150\300\175\042}{section.2.3}% 14
\BOOKMARK [2][-]{subsection.2.3.2}{\376\377\000R\000R\000F\000\040\207\215\124\010\116\016\221\315\143\222}{section.2.3}% 15
\BOOKMARK [2][-]{subsection.2.3.3}{\376\377\176\323\147\204\123\026\142\333\165\037\147\345\213\342}{section.2.3}% 16
\BOOKMARK [1][-]{section.2.4}{\376\377\174\373\176\337\227\000\154\102\122\006\147\220}{chapter.2}% 17
\BOOKMARK [2][-]{subsection.2.4.1}{\376\377\122\237\200\375\227\000\154\102}{section.2.4}% 18
\BOOKMARK [2][-]{subsection.2.4.2}{\376\377\227\136\122\237\200\375\227\000\154\102}{section.2.4}% 19
\BOOKMARK [2][-]{subsection.2.4.3}{\376\377\142\333\165\037\127\072\146\157\166\204\162\171\153\212\176\246\147\137}{section.2.4}% 20
\BOOKMARK [0][-]{chapter.3}{\376\377\174\373\176\337\140\073\117\123\213\276\213\241}{}% 21
\BOOKMARK [1][-]{section.3.1}{\376\377\213\276\213\241\123\237\122\031}{chapter.3}% 22
\BOOKMARK [1][-]{section.3.2}{\376\377\140\073\117\123\147\266\147\204\213\276\213\241}{chapter.3}% 23
\BOOKMARK [1][-]{section.3.3}{\376\377\122\115\172\357\140\073\117\123\213\276\213\241}{chapter.3}% 24
\BOOKMARK [1][-]{section.3.4}{\376\377\124\016\172\357\140\073\117\123\213\276\213\241}{chapter.3}% 25
\BOOKMARK [1][-]{section.3.5}{\376\377\145\160\143\156\134\102\213\276\213\241}{chapter.3}% 26
\BOOKMARK [2][-]{subsection.3.5.1}{\376\377\227\136\176\323\147\204\123\026\167\345\213\306\156\220}{section.3.5}% 27
\BOOKMARK [2][-]{subsection.3.5.2}{\376\377\176\323\147\204\123\026\142\333\165\037\167\345\213\306\136\223}{section.3.5}% 28
\BOOKMARK [2][-]{subsection.3.5.3}{\376\377\220\350\177\162\230\204\165\131\176\304\116\366\116\016\137\123\122\115\116\073\224\376\215\357}{section.3.5}% 29
\BOOKMARK [1][-]{section.3.6}{\376\377\220\350\177\162\116\016\217\320\210\114\213\276\213\241}{chapter.3}% 30
\BOOKMARK [0][-]{chapter.4}{\376\377\121\163\225\056\152\041\127\127\213\276\213\241\116\016\133\236\163\260}{}% 31
\BOOKMARK [1][-]{section.4.1}{\376\377\122\115\172\357\116\244\116\222\152\041\127\127\213\276\213\241\116\016\133\236\163\260}{chapter.4}% 32
\BOOKMARK [1][-]{section.4.2}{\376\377\177\121\121\163\177\026\143\222\152\041\127\127\213\276\213\241\116\016\133\236\163\260}{chapter.4}% 33
\BOOKMARK [1][-]{section.4.3}{\376\377\000R\000A\000G\000\040\150\300\175\042\152\041\127\127\213\276\213\241\116\016\133\236\163\260}{chapter.4}% 34
\BOOKMARK [2][-]{subsection.4.3.1}{\376\377\145\207\150\143\211\343\147\220\116\016\175\042\137\025\147\204\136\372}{section.4.3}% 35
\BOOKMARK [2][-]{subsection.4.3.2}{\376\377\155\367\124\010\123\354\126\336\116\016\215\050\221\317\143\247\122\066}{section.4.3}% 36
\BOOKMARK [2][-]{subsection.4.3.3}{\376\377\137\025\165\050\176\246\147\137\147\072\122\066}{section.4.3}% 37
\BOOKMARK [1][-]{section.4.4}{\376\377\176\323\147\204\123\026\142\333\165\037\147\345\213\342\152\041\127\127\213\276\213\241\116\016\133\236\163\260}{chapter.4}% 38
\BOOKMARK [1][-]{section.4.5}{\376\377\213\260\137\306\116\016\142\200\200\375\152\041\127\127\213\276\213\241\116\016\133\236\163\260}{chapter.4}% 39
\BOOKMARK [2][-]{subsection.4.5.1}{\376\377\213\260\137\306\152\041\127\127}{section.4.5}% 40
\BOOKMARK [2][-]{subsection.4.5.2}{\376\377\142\200\200\375\152\041\127\127}{section.4.5}% 41
\BOOKMARK [1][-]{section.4.6}{\376\377\123\357\211\302\155\113\116\016\133\271\225\031\152\041\127\127\213\276\213\241\116\016\133\236\163\260}{chapter.4}% 42
\BOOKMARK [0][-]{chapter.5}{\376\377\174\373\176\337\155\113\213\325\116\016\176\323\147\234\122\006\147\220}{}% 43
\BOOKMARK [1][-]{section.5.1}{\376\377\155\113\213\325\163\257\130\203\116\016\155\113\213\325\145\271\150\110}{chapter.5}% 44
\BOOKMARK [1][-]{section.5.2}{\376\377\122\237\200\375\155\113\213\325\122\006\147\220}{chapter.5}% 45
\BOOKMARK [1][-]{section.5.3}{\376\377\150\300\175\042\213\304\155\113\116\016\225\356\173\124\215\050\221\317\213\304\155\113}{chapter.5}% 46
\BOOKMARK [2][-]{subsection.5.3.1}{\376\377\142\333\165\037\000\040\000R\000A\000G\000\040\116\023\230\171\213\304\155\113}{section.5.3}% 47
\BOOKMARK [2][-]{subsection.5.3.2}{\376\377\225\356\173\124\215\050\221\317\142\275\150\067\213\304\155\113}{section.5.3}% 48
\BOOKMARK [1][-]{section.5.4}{\376\377\133\271\225\031\116\016\123\357\165\050\140\047\155\113\213\325}{chapter.5}% 49
\BOOKMARK [1][-]{section.5.5}{\376\377\155\113\213\325\176\323\147\234\122\006\147\220\116\016\116\015\215\263}{chapter.5}% 50
\BOOKMARK [0][-]{chapter.6}{\376\377\176\323\213\272\116\016\134\125\147\033}{}% 51
\BOOKMARK [1][-]{section.6.1}{\376\377\170\024\172\166\176\323\213\272}{chapter.6}% 52
\BOOKMARK [1][-]{section.6.2}{\376\377\116\015\215\263\116\016\134\125\147\033}{chapter.6}% 53
\BOOKMARK [0][-]{chapter*.7}{\376\377\123\302\200\003\145\207\163\056}{}% 54
\BOOKMARK [0][-]{section*.10}{\376\377\226\104\137\125}{}% 55
\BOOKMARK [1][-]{section*.11}{\376\377\226\104\137\125\000\040\000A\000\040\174\373\176\337\116\073\211\201\167\345\213\306\156\220\171\072\117\213}{section*.10}% 56
\BOOKMARK [1][-]{section*.12}{\376\377\226\104\137\125\000\040\000B\000\040\174\373\176\337\116\073\211\201\143\245\123\343\171\072\117\213}{section*.10}% 57
\BOOKMARK [0][-]{section*.14}{\376\377\201\364\214\042}{}% 58
